
> sathya_sai_grama@0.0.1 test
> jest ValidateTheMyApprovalsTab.test.js

  console.log
    url :  https://creator.zoho.com/api/v2.1/annapoornaapp/ashram-visitor-management/report/Approval_to_Visitor_Report?criteria=Referrer_App_User_lookup=undefined&&Referrer_Approval=PENDING%20APPROVAL

      at log (src/components/ApiRequest.js:95:13)

  console.log
    url :  https://creator.zoho.com/api/v2.1/annapoornaapp/ashram-visitor-management/report/Approval_to_Visitor_Report?criteria=Referrer_App_User_lookup=undefined&&Referrer_Approval=PENDING%20APPROVAL

      at log (src/components/ApiRequest.js:95:13)

